#
# OMNeT++/OMNEST Makefile for playground
#
# This file was generated with the command:
#  opp_makemake -P . -n -I include/dir1 -I include/dir2 -i fragment/file1 -i fragment/file2
#

# C++ include paths (with -I)
INCLUDE_PATH = -Iinclude/dir1 -Iinclude/dir2

# Output directory
PROJECT_OUTPUT_DIR = out
PROJECTRELATIVE_PATH =
O = $(PROJECT_OUTPUT_DIR)/$(CONFIGNAME)/$(PROJECTRELATIVE_PATH)

# Object files for local .cc, .msg and .sm files
OBJS = $O/sink.o $O/source.o $O/job_m.o

# Message files
MSGFILES = \
    job.msg

# SM files
SMFILES =

#------------------------------------------------------------------------------

# Pull in OMNeT++ configuration (Makefile.inc)

ifneq ("$(OMNETPP_CONFIGFILE)","")
CONFIGFILE = $(OMNETPP_CONFIGFILE)
else
CONFIGFILE = $(shell opp_configfilepath)
endif

ifeq ("$(wildcard $(CONFIGFILE))","")
$(error Config file '$(CONFIGFILE)' does not exist -- add the OMNeT++ bin directory to the path so that opp_configfilepath can be found, or set the OMNETPP_CONFIGFILE variable to point to Makefile.inc)
endif

include $(CONFIGFILE)

COPTS = $(CFLAGS) $(IMPORT_DEFINES)  $(INCLUDE_PATH) -I$(OMNETPP_INCL_DIR)
MSGCOPTS = $(INCLUDE_PATH)
SMCOPTS =

# we want to recompile everything if COPTS changes,
# so we store COPTS into $COPTS_FILE (if COPTS has changed since last build)
# and make the object files depend on it
COPTS_FILE = $O/.last-copts
ifneq ("$(COPTS)","$(shell cat $(COPTS_FILE) 2>/dev/null || echo '')")
  $(shell $(MKPATH) "$O")
  $(file >$(COPTS_FILE),$(COPTS))
endif

#------------------------------------------------------------------------------
# User-supplied makefile fragment(s)
-include fragment/file1
-include fragment/file2

#------------------------------------------------------------------------------

# Main target

$(TARGET_DIR)/% :: $O/%
	@mkdir -p $(TARGET_DIR)
	$(Q)$(LN) $< $@
ifeq ($(TOOLCHAIN_NAME),clang-msabi)
	-$(Q)-$(LN) $(<:%.dll=%.lib) $(@:%.dll=%.lib) 2>/dev/null

$O/$(TARGET_NAME).pdb: $O/$(TARGET)
endif

all: $(OBJS)  Makefile $(CONFIGFILE)
	@# Do nothing

.PHONY: all clean cleanall depend msgheaders smheaders

# disabling all implicit rules
.SUFFIXES :
.PRECIOUS : %_m.h %_m.cc

$O/%.o: %.cc $(COPTS_FILE) | msgheaders smheaders
	@$(MKPATH) $(dir $@)
	$(qecho) "$<"
	$(Q)$(CXX) -c $(CXXFLAGS) $(COPTS) -o $@ $<

%_m.cc %_m.h: %.msg
	$(qecho) MSGC: $<
	$(Q)$(MSGC) -s _m.cc -MD -MP -MF $O/$(basename $<)_m.h.d $(MSGCOPTS) $?

%_sm.cc %_sm.h: %.sm
	$(qecho) SMC: $<
	$(Q)$(SMC) -c++ -suffix cc $(SMCOPTS) $?

msgheaders: $(MSGFILES:.msg=_m.h)

smheaders: $(SMFILES:.sm=_sm.h)

clean:
	$(qecho) Cleaning $(TARGET)
	$(Q)-rm -rf $O
	$(Q)-rm -f $(call opp_rwildcard, . , *_m.cc *_m.h *_sm.cc *_sm.h)

cleanall:
	$(Q)$(CLEANALL_COMMAND)
	$(Q)-rm -rf $(PROJECT_OUTPUT_DIR)

help:
	@echo "$$HELP_SYNOPSYS"
	@echo "$$HELP_TARGETS"
	@echo "$$HELP_VARIABLES"
	@echo "$$HELP_EXAMPLES"

# include all dependencies
-include $(OBJS:%=%.d) $(MSGFILES:%.msg=$O/%_m.h.d)
